To honour the JVM settings for this build a single-use Daemon process will be forked. For more on this, please refer to https://docs.gradle.org/9.5.0/userguide/gradle_daemon.html#sec:disabling_the_daemon in the Gradle documentation.
Daemon will be stopped at the end of the build 
> Task :app:preBuild UP-TO-DATE
> Task :app:preDebugBuild UP-TO-DATE
> Task :app:generateDebugBuildConfig
> Task :app:generateDebugResources
> Task :app:packageDebugResources
> Task :app:processDebugNavigationResources
> Task :app:javaPreCompileDebug
> Task :app:parseDebugLocalResources
> Task :app:mapDebugSourceSetPaths
> Task :app:checkDebugAarMetadata
> Task :app:compileDebugNavigationResources
> Task :app:generateDebugRFile
> Task :app:mergeDebugResources
> Task :app:createDebugCompatibleScreenManifests
> Task :app:extractDeepLinksDebug
> Task :app:processDebugMainManifest
> Task :app:processDebugManifest
> Task :app:preDebugUnitTestBuild UP-TO-DATE
> Task :app:generateDebugAssets UP-TO-DATE
> Task :app:javaPreCompileDebugUnitTest
> Task :app:mergeDebugAssets
> Task :app:mergeDebugUnitTestManifest
> Task :app:processDebugUnitTestManifest
> Task :app:processDebugManifestForPackage
> Task :app:processDebugResources
> Task :app:packageDebugUnitTestForUnitTest
> Task :app:generateDebugUnitTestConfig
> Task :app:compileDebugKotlin
w: file:///home/runner/work/rpg-os-android/rpg-os-android/app/src/main/java/com/rpgos/app/AssetLiabilityStore.kt:18:635 Type argument for reified type parameter 'T' was inferred to the intersection of ['Comparable<*>' & 'Serializable']. Reification of an intersection type results in the common supertype being used. This may lead to subtle issues and an explicit type argument is encouraged. This will become an error in a future release. See https://youtrack.jetbrains.com/issue/KT-71420.
w: file:///home/runner/work/rpg-os-android/rpg-os-android/app/src/main/java/com/rpgos/app/CampaignEventStore.kt:56:17 Type argument for reified type parameter 'T' was inferred to the intersection of ['Comparable<*>' & 'Serializable']. Reification of an intersection type results in the common supertype being used. This may lead to subtle issues and an explicit type argument is encouraged. This will become an error in a future release. See https://youtrack.jetbrains.com/issue/KT-71420.
w: file:///home/runner/work/rpg-os-android/rpg-os-android/app/src/main/java/com/rpgos/app/CampaignEventStore.kt:343:13 'when' is exhaustive so 'else' is redundant here.
w: file:///home/runner/work/rpg-os-android/rpg-os-android/app/src/main/java/com/rpgos/app/CampaignEventStore.kt:377:9 'when' is exhaustive so 'else' is redundant here.
w: file:///home/runner/work/rpg-os-android/rpg-os-android/app/src/main/java/com/rpgos/app/CampaignSnapshotSystem.kt:108:51 Type argument for reified type parameter 'T' was inferred to the intersection of ['Comparable<*>?' & 'Serializable?']. Reification of an intersection type results in the common supertype being used. This may lead to subtle issues and an explicit type argument is encouraged. This will become an error in a future release. See https://youtrack.jetbrains.com/issue/KT-71420.
w: file:///home/runner/work/rpg-os-android/rpg-os-android/app/src/main/java/com/rpgos/app/CampaignSnapshotSystem.kt:165:52 Type argument for reified type parameter 'T' was inferred to the intersection of ['Comparable<*>?' & 'Serializable?']. Reification of an intersection type results in the common supertype being used. This may lead to subtle issues and an explicit type argument is encouraged. This will become an error in a future release. See https://youtrack.jetbrains.com/issue/KT-71420.
w: file:///home/runner/work/rpg-os-android/rpg-os-android/app/src/main/java/com/rpgos/app/CampaignSnapshotSystem.kt:182:41 Type argument for reified type parameter 'T' was inferred to the intersection of ['Comparable<*>?' & 'Serializable?']. Reification of an intersection type results in the common supertype being used. This may lead to subtle issues and an explicit type argument is encouraged. This will become an error in a future release. See https://youtrack.jetbrains.com/issue/KT-71420.
w: file:///home/runner/work/rpg-os-android/rpg-os-android/app/src/main/java/com/rpgos/app/EquipmentStore.kt:32:203 Type argument for reified type parameter 'T' was inferred to the intersection of ['Comparable<*>' & 'Serializable']. Reification of an intersection type results in the common supertype being used. This may lead to subtle issues and an explicit type argument is encouraged. This will become an error in a future release. See https://youtrack.jetbrains.com/issue/KT-71420.
w: file:///home/runner/work/rpg-os-android/rpg-os-android/app/src/main/java/com/rpgos/app/FinancialStore.kt:14:13 Type argument for reified type parameter 'T' was inferred to the intersection of ['Comparable<*>' & 'Serializable']. Reification of an intersection type results in the common supertype being used. This may lead to subtle issues and an explicit type argument is encouraged. This will become an error in a future release. See https://youtrack.jetbrains.com/issue/KT-71420.
w: file:///home/runner/work/rpg-os-android/rpg-os-android/app/src/main/java/com/rpgos/app/InventoryStore.kt:10:758 Type argument for reified type parameter 'T' was inferred to the intersection of ['Comparable<*>?' & 'Serializable?']. Reification of an intersection type results in the common supertype being used. This may lead to subtle issues and an explicit type argument is encouraged. This will become an error in a future release. See https://youtrack.jetbrains.com/issue/KT-71420.
w: file:///home/runner/work/rpg-os-android/rpg-os-android/app/src/main/java/com/rpgos/app/InventoryStore.kt:12:431 Type argument for reified type parameter 'T' was inferred to the intersection of ['Comparable<*>' & 'Serializable']. Reification of an intersection type results in the common supertype being used. This may lead to subtle issues and an explicit type argument is encouraged. This will become an error in a future release. See https://youtrack.jetbrains.com/issue/KT-71420.
w: file:///home/runner/work/rpg-os-android/rpg-os-android/app/src/main/java/com/rpgos/app/InventoryStore.kt:16:521 Type argument for reified type parameter 'T' was inferred to the intersection of ['Comparable<*>' & 'Serializable']. Reification of an intersection type results in the common supertype being used. This may lead to subtle issues and an explicit type argument is encouraged. This will become an error in a future release. See https://youtrack.jetbrains.com/issue/KT-71420.
w: file:///home/runner/work/rpg-os-android/rpg-os-android/app/src/main/java/com/rpgos/app/InventoryStore.kt:22:1749 Type argument for reified type parameter 'T' was inferred to the intersection of ['Comparable<*>?' & 'Serializable?']. Reification of an intersection type results in the common supertype being used. This may lead to subtle issues and an explicit type argument is encouraged. This will become an error in a future release. See https://youtrack.jetbrains.com/issue/KT-71420.
w: file:///home/runner/work/rpg-os-android/rpg-os-android/app/src/main/java/com/rpgos/app/InventoryStore.kt:24:269 Type argument for reified type parameter 'T' was inferred to the intersection of ['Comparable<*>' & 'Serializable']. Reification of an intersection type results in the common supertype being used. This may lead to subtle issues and an explicit type argument is encouraged. This will become an error in a future release. See https://youtrack.jetbrains.com/issue/KT-71420.
w: file:///home/runner/work/rpg-os-android/rpg-os-android/app/src/main/java/com/rpgos/app/InventoryStore.kt:24:472 Type argument for reified type parameter 'T' was inferred to the intersection of ['Comparable<*>' & 'Serializable']. Reification of an intersection type results in the common supertype being used. This may lead to subtle issues and an explicit type argument is encouraged. This will become an error in a future release. See https://youtrack.jetbrains.com/issue/KT-71420.
w: file:///home/runner/work/rpg-os-android/rpg-os-android/app/src/main/java/com/rpgos/app/InventoryStore.kt:25:511 Type argument for reified type parameter 'T' was inferred to the intersection of ['Comparable<*>' & 'Serializable']. Reification of an intersection type results in the common supertype being used. This may lead to subtle issues and an explicit type argument is encouraged. This will become an error in a future release. See https://youtrack.jetbrains.com/issue/KT-71420.
w: file:///home/runner/work/rpg-os-android/rpg-os-android/app/src/main/java/com/rpgos/app/JsonCodec.kt:11:67 Java type mismatch: inferred type is 'KFunction1<MutableMap<Any?, Any?>, JSONObject>', but 'Function1<Map<String, Any?>, JSONObject>' was expected.
w: file:///home/runner/work/rpg-os-android/rpg-os-android/app/src/main/java/com/rpgos/app/JsonCodec.kt:12:65 Java type mismatch: inferred type is 'KFunction1<MutableMap<Any?, Any?>, JSONObject>', but 'Function1<Map<String, Any?>, JSONObject>' was expected.
w: file:///home/runner/work/rpg-os-android/rpg-os-android/app/src/main/java/com/rpgos/app/JsonCodec.kt:13:65 Java type mismatch: inferred type is 'KFunction1<MutableMap<Any?, Any?>, JSONObject>', but 'Function1<Map<String, Any?>, JSONObject>' was expected.
w: file:///home/runner/work/rpg-os-android/rpg-os-android/app/src/main/java/com/rpgos/app/JsonCodec.kt:14:56 Java type mismatch: inferred type is 'KFunction1<MutableMap<Any?, Any?>, JSONObject>', but 'Function1<Map<String, Any?>, JSONObject>' was expected.
w: file:///home/runner/work/rpg-os-android/rpg-os-android/app/src/main/java/com/rpgos/app/JsonCodec.kt:15:69 Java type mismatch: inferred type is 'KFunction1<MutableMap<Any?, Any?>, JSONObject>', but 'Function1<Map<String, Any?>, JSONObject>' was expected.
w: file:///home/runner/work/rpg-os-android/rpg-os-android/app/src/main/java/com/rpgos/app/JsonCodec.kt:16:73 Java type mismatch: inferred type is 'KFunction1<MutableMap<Any?, Any?>, JSONObject>', but 'Function1<Map<String, Any?>, JSONObject>' was expected.
w: file:///home/runner/work/rpg-os-android/rpg-os-android/app/src/main/java/com/rpgos/app/JsonCodec.kt:17:71 Java type mismatch: inferred type is 'KFunction1<MutableMap<Any?, Any?>, JSONObject>', but 'Function1<Map<String, Any?>, JSONObject>' was expected.
w: file:///home/runner/work/rpg-os-android/rpg-os-android/app/src/main/java/com/rpgos/app/JsonCodec.kt:18:89 Java type mismatch: inferred type is 'KFunction1<MutableMap<Any?, Any?>, JSONObject>', but 'Function1<Map<String, Any?>, JSONObject>' was expected.
w: file:///home/runner/work/rpg-os-android/rpg-os-android/app/src/main/java/com/rpgos/app/JsonCodec.kt:19:65 Java type mismatch: inferred type is 'KFunction1<MutableMap<Any?, Any?>, JSONObject>', but 'Function1<Map<String, Any?>, JSONObject>' was expected.
w: file:///home/runner/work/rpg-os-android/rpg-os-android/app/src/main/java/com/rpgos/app/JsonCodec.kt:20:73 Java type mismatch: inferred type is 'KFunction1<MutableMap<Any?, Any?>, JSONObject>', but 'Function1<Map<String, Any?>, JSONObject>' was expected.
w: file:///home/runner/work/rpg-os-android/rpg-os-android/app/src/main/java/com/rpgos/app/JsonCodec.kt:21:79 Java type mismatch: inferred type is 'KFunction1<MutableMap<Any?, Any?>, JSONObject>', but 'Function1<Map<String, Any?>, JSONObject>' was expected.
w: file:///home/runner/work/rpg-os-android/rpg-os-android/app/src/main/java/com/rpgos/app/JsonCodec.kt:22:76 Java type mismatch: inferred type is 'KFunction1<MutableMap<Any?, Any?>, JSONObject>', but 'Function1<Map<String, Any?>, JSONObject>' was expected.
w: file:///home/runner/work/rpg-os-android/rpg-os-android/app/src/main/java/com/rpgos/app/JsonCodec.kt:23:63 Java type mismatch: inferred type is 'KFunction1<MutableMap<Any?, Any?>, JSONObject>', but 'Function1<Map<String, Any?>, JSONObject>' was expected.
w: file:///home/runner/work/rpg-os-android/rpg-os-android/app/src/main/java/com/rpgos/app/JsonCodec.kt:24:67 Java type mismatch: inferred type is 'KFunction1<MutableMap<Any?, Any?>, JSONObject>', but 'Function1<Map<String, Any?>, JSONObject>' was expected.
w: file:///home/runner/work/rpg-os-android/rpg-os-android/app/src/main/java/com/rpgos/app/OwnershipModel.kt:22:27 Non-public primary constructor is exposed via the generated 'copy()' method of the 'data' class.

The generated 'copy()' will change its visibility in future releases.

To suppress the warning do one of the following:
- Annotate the data class with the '@ConsistentCopyVisibility' annotation.
- Use the '-Xconsistent-data-class-copy-visibility' compiler flag.
- Annotate the data class with the '@ExposedCopyVisibility' annotation 
  (Discouraged, but can be used to keep binary compatibility).

To learn more, see the documentation of the '@ConsistentCopyVisibility' and '@ExposedCopyVisibility' annotations.

This will become an error in language version 2.5. See https://youtrack.jetbrains.com/issue/KT-11914.
w: file:///home/runner/work/rpg-os-android/rpg-os-android/app/src/main/java/com/rpgos/app/OwnershipStore.kt:17:410 Type argument for reified type parameter 'T' was inferred to the intersection of ['Comparable<*>' & 'Serializable']. Reification of an intersection type results in the common supertype being used. This may lead to subtle issues and an explicit type argument is encouraged. This will become an error in a future release. See https://youtrack.jetbrains.com/issue/KT-71420.
w: file:///home/runner/work/rpg-os-android/rpg-os-android/app/src/main/java/com/rpgos/app/Phase36SchemaVersioning.kt:223:17 Type argument for reified type parameter 'T' was inferred to the intersection of ['Comparable<*>?' & 'Serializable?']. Reification of an intersection type results in the common supertype being used. This may lead to subtle issues and an explicit type argument is encouraged. This will become an error in a future release. See https://youtrack.jetbrains.com/issue/KT-71420.
w: file:///home/runner/work/rpg-os-android/rpg-os-android/app/src/main/java/com/rpgos/app/Phase36SchemaVersioning.kt:239:29 Type argument for reified type parameter 'T' was inferred to the intersection of ['Comparable<*>' & 'Serializable']. Reification of an intersection type results in the common supertype being used. This may lead to subtle issues and an explicit type argument is encouraged. This will become an error in a future release. See https://youtrack.jetbrains.com/issue/KT-71420.
w: file:///home/runner/work/rpg-os-android/rpg-os-android/app/src/main/java/com/rpgos/app/Phase36SchemaVersioning.kt:245:21 Type argument for reified type parameter 'T' was inferred to the intersection of ['Comparable<*>' & 'Serializable']. Reification of an intersection type results in the common supertype being used. This may lead to subtle issues and an explicit type argument is encouraged. This will become an error in a future release. See https://youtrack.jetbrains.com/issue/KT-71420.
w: file:///home/runner/work/rpg-os-android/rpg-os-android/app/src/main/java/com/rpgos/app/Phase36SchemaVersioning.kt:251:21 Type argument for reified type parameter 'T' was inferred to the intersection of ['Comparable<*>' & 'Serializable']. Reification of an intersection type results in the common supertype being used. This may lead to subtle issues and an explicit type argument is encouraged. This will become an error in a future release. See https://youtrack.jetbrains.com/issue/KT-71420.
w: file:///home/runner/work/rpg-os-android/rpg-os-android/app/src/main/java/com/rpgos/app/Phase36SchemaVersioning.kt:394:17 Type argument for reified type parameter 'T' was inferred to the intersection of ['Comparable<*>' & 'Serializable']. Reification of an intersection type results in the common supertype being used. This may lead to subtle issues and an explicit type argument is encouraged. This will become an error in a future release. See https://youtrack.jetbrains.com/issue/KT-71420.
w: file:///home/runner/work/rpg-os-android/rpg-os-android/app/src/main/java/com/rpgos/app/Phase36SchemaVersioning.kt:430:21 Type argument for reified type parameter 'T' was inferred to the intersection of ['Comparable<*>' & 'Serializable']. Reification of an intersection type results in the common supertype being used. This may lead to subtle issues and an explicit type argument is encouraged. This will become an error in a future release. See https://youtrack.jetbrains.com/issue/KT-71420.
w: file:///home/runner/work/rpg-os-android/rpg-os-android/app/src/main/java/com/rpgos/app/Phase9Store.kt:29:17 Type argument for reified type parameter 'T' was inferred to the intersection of ['Comparable<*>' & 'Serializable']. Reification of an intersection type results in the common supertype being used. This may lead to subtle issues and an explicit type argument is encouraged. This will become an error in a future release. See https://youtrack.jetbrains.com/issue/KT-71420.
w: file:///home/runner/work/rpg-os-android/rpg-os-android/app/src/main/java/com/rpgos/app/Phase9Store.kt:42:17 Type argument for reified type parameter 'T' was inferred to the intersection of ['Comparable<*>?' & 'Serializable?']. Reification of an intersection type results in the common supertype being used. This may lead to subtle issues and an explicit type argument is encouraged. This will become an error in a future release. See https://youtrack.jetbrains.com/issue/KT-71420.
w: file:///home/runner/work/rpg-os-android/rpg-os-android/app/src/main/java/com/rpgos/app/Phase9Store.kt:54:17 Type argument for reified type parameter 'T' was inferred to the intersection of ['Comparable<*>' & 'Serializable']. Reification of an intersection type results in the common supertype being used. This may lead to subtle issues and an explicit type argument is encouraged. This will become an error in a future release. See https://youtrack.jetbrains.com/issue/KT-71420.
w: file:///home/runner/work/rpg-os-android/rpg-os-android/app/src/main/java/com/rpgos/app/Phase9Store.kt:68:17 Type argument for reified type parameter 'T' was inferred to the intersection of ['Comparable<*>' & 'Serializable']. Reification of an intersection type results in the common supertype being used. This may lead to subtle issues and an explicit type argument is encouraged. This will become an error in a future release. See https://youtrack.jetbrains.com/issue/KT-71420.
w: file:///home/runner/work/rpg-os-android/rpg-os-android/app/src/main/java/com/rpgos/app/Phase9Store.kt:90:17 Type argument for reified type parameter 'T' was inferred to the intersection of ['Comparable<*>?' & 'Serializable?']. Reification of an intersection type results in the common supertype being used. This may lead to subtle issues and an explicit type argument is encouraged. This will become an error in a future release. See https://youtrack.jetbrains.com/issue/KT-71420.
w: file:///home/runner/work/rpg-os-android/rpg-os-android/app/src/main/java/com/rpgos/app/Phase9Store.kt:106:17 Type argument for reified type parameter 'T' was inferred to the intersection of ['Comparable<*>?' & 'Serializable?']. Reification of an intersection type results in the common supertype being used. This may lead to subtle issues and an explicit type argument is encouraged. This will become an error in a future release. See https://youtrack.jetbrains.com/issue/KT-71420.
w: file:///home/runner/work/rpg-os-android/rpg-os-android/app/src/main/java/com/rpgos/app/Phase9Store.kt:119:17 Type argument for reified type parameter 'T' was inferred to the intersection of ['Comparable<*>' & 'Serializable']. Reification of an intersection type results in the common supertype being used. This may lead to subtle issues and an explicit type argument is encouraged. This will become an error in a future release. See https://youtrack.jetbrains.com/issue/KT-71420.
w: file:///home/runner/work/rpg-os-android/rpg-os-android/app/src/main/java/com/rpgos/app/Phase9Store.kt:131:17 Type argument for reified type parameter 'T' was inferred to the intersection of ['Comparable<*>' & 'Serializable']. Reification of an intersection type results in the common supertype being used. This may lead to subtle issues and an explicit type argument is encouraged. This will become an error in a future release. See https://youtrack.jetbrains.com/issue/KT-71420.
w: file:///home/runner/work/rpg-os-android/rpg-os-android/app/src/main/java/com/rpgos/app/Phase9Store.kt:160:153 Type argument for reified type parameter 'T' was inferred to the intersection of ['Comparable<*>' & 'Serializable']. Reification of an intersection type results in the common supertype being used. This may lead to subtle issues and an explicit type argument is encouraged. This will become an error in a future release. See https://youtrack.jetbrains.com/issue/KT-71420.
w: file:///home/runner/work/rpg-os-android/rpg-os-android/app/src/main/java/com/rpgos/app/Phase9Store.kt:168:158 Type argument for reified type parameter 'T' was inferred to the intersection of ['Comparable<*>?' & 'Serializable?']. Reification of an intersection type results in the common supertype being used. This may lead to subtle issues and an explicit type argument is encouraged. This will become an error in a future release. See https://youtrack.jetbrains.com/issue/KT-71420.
w: file:///home/runner/work/rpg-os-android/rpg-os-android/app/src/main/java/com/rpgos/app/Phase9Store.kt:225:133 Type argument for reified type parameter 'T' was inferred to the intersection of ['Comparable<*>' & 'Serializable']. Reification of an intersection type results in the common supertype being used. This may lead to subtle issues and an explicit type argument is encouraged. This will become an error in a future release. See https://youtrack.jetbrains.com/issue/KT-71420.
w: file:///home/runner/work/rpg-os-android/rpg-os-android/app/src/main/java/com/rpgos/app/Phase9Store.kt:245:156 Type argument for reified type parameter 'T' was inferred to the intersection of ['Comparable<*>?' & 'Serializable?']. Reification of an intersection type results in the common supertype being used. This may lead to subtle issues and an explicit type argument is encouraged. This will become an error in a future release. See https://youtrack.jetbrains.com/issue/KT-71420.
w: file:///home/runner/work/rpg-os-android/rpg-os-android/app/src/main/java/com/rpgos/app/Phase9Store.kt:381:187 Type argument for reified type parameter 'T' was inferred to the intersection of ['Comparable<*>?' & 'Serializable?']. Reification of an intersection type results in the common supertype being used. This may lead to subtle issues and an explicit type argument is encouraged. This will become an error in a future release. See https://youtrack.jetbrains.com/issue/KT-71420.
w: file:///home/runner/work/rpg-os-android/rpg-os-android/app/src/main/java/com/rpgos/app/PlayerChangeSetCodec.kt:546:9 'when' is exhaustive so 'else' is redundant here.
w: file:///home/runner/work/rpg-os-android/rpg-os-android/app/src/main/java/com/rpgos/app/PlayerChangeSetCodec.kt:582:9 'when' is exhaustive so 'else' is redundant here.
w: file:///home/runner/work/rpg-os-android/rpg-os-android/app/src/main/java/com/rpgos/app/PlayerChangeSetModel.kt:20:27 Non-public primary constructor is exposed via the generated 'copy()' method of the 'data' class.

The generated 'copy()' will change its visibility in future releases.

To suppress the warning do one of the following:
- Annotate the data class with the '@ConsistentCopyVisibility' annotation.
- Use the '-Xconsistent-data-class-copy-visibility' compiler flag.
- Annotate the data class with the '@ExposedCopyVisibility' annotation 
  (Discouraged, but can be used to keep binary compatibility).

To learn more, see the documentation of the '@ConsistentCopyVisibility' and '@ExposedCopyVisibility' annotations.

This will become an error in language version 2.5. See https://youtrack.jetbrains.com/issue/KT-11914.
w: file:///home/runner/work/rpg-os-android/rpg-os-android/app/src/main/java/com/rpgos/app/ProgressionEngine.kt:34:35 Non-public primary constructor is exposed via the generated 'copy()' method of the 'data' class.

The generated 'copy()' will change its visibility in future releases.

To suppress the warning do one of the following:
- Annotate the data class with the '@ConsistentCopyVisibility' annotation.
- Use the '-Xconsistent-data-class-copy-visibility' compiler flag.
- Annotate the data class with the '@ExposedCopyVisibility' annotation 
  (Discouraged, but can be used to keep binary compatibility).

To learn more, see the documentation of the '@ConsistentCopyVisibility' and '@ExposedCopyVisibility' annotations.

This will become an error in language version 2.5. See https://youtrack.jetbrains.com/issue/KT-11914.
w: file:///home/runner/work/rpg-os-android/rpg-os-android/app/src/main/java/com/rpgos/app/ProjectProgressDelta.kt:4:33 Non-public primary constructor is exposed via the generated 'copy()' method of the 'data' class.

The generated 'copy()' will change its visibility in future releases.

To suppress the warning do one of the following:
- Annotate the data class with the '@ConsistentCopyVisibility' annotation.
- Use the '-Xconsistent-data-class-copy-visibility' compiler flag.
- Annotate the data class with the '@ExposedCopyVisibility' annotation 
  (Discouraged, but can be used to keep binary compatibility).

To learn more, see the documentation of the '@ConsistentCopyVisibility' and '@ExposedCopyVisibility' annotations.

This will become an error in language version 2.5. See https://youtrack.jetbrains.com/issue/KT-11914.
w: file:///home/runner/work/rpg-os-android/rpg-os-android/app/src/main/java/com/rpgos/app/SkillStore.kt:101:13 Type argument for reified type parameter 'T' was inferred to the intersection of ['Comparable<*>' & 'Serializable']. Reification of an intersection type results in the common supertype being used. This may lead to subtle issues and an explicit type argument is encouraged. This will become an error in a future release. See https://youtrack.jetbrains.com/issue/KT-71420.
w: file:///home/runner/work/rpg-os-android/rpg-os-android/app/src/main/java/com/rpgos/app/TurnTransactionReceiptStore.kt:200:13 Type argument for reified type parameter 'T' was inferred to the intersection of ['Comparable<*>?' & 'Serializable?']. Reification of an intersection type results in the common supertype being used. This may lead to subtle issues and an explicit type argument is encouraged. This will become an error in a future release. See https://youtrack.jetbrains.com/issue/KT-71420.
w: file:///home/runner/work/rpg-os-android/rpg-os-android/app/src/main/java/com/rpgos/app/UpdateManager.kt:171:73 'static field GET_SIGNATURES: Int' is deprecated. Deprecated in Java.

> Task :app:compileDebugJavaWithJavac
> Task :app:processDebugJavaRes
> Task :app:bundleDebugClassesToCompileJar
> Task :app:bundleDebugClassesToRuntimeJar

> Task :app:compileDebugUnitTestKotlin
w: file:///home/runner/work/rpg-os-android/rpg-os-android/app/src/test/java/com/rpgos/app/Phase24CharacterPanelSnapshotV2Test.kt:21:9 'static fun assertEquals(p0: Array<(out) Any!>!, p1: Array<(out) Any!>!): Unit' is deprecated. Deprecated in Java.
w: file:///home/runner/work/rpg-os-android/rpg-os-android/app/src/test/java/com/rpgos/app/Phase30To36PostAuditHardeningTest.kt:223:13 Type argument for reified type parameter 'T' was inferred to the intersection of ['Comparable<*>' & 'Serializable']. Reification of an intersection type results in the common supertype being used. This may lead to subtle issues and an explicit type argument is encouraged. This will become an error in a future release. See https://youtrack.jetbrains.com/issue/KT-71420.
w: file:///home/runner/work/rpg-os-android/rpg-os-android/app/src/test/java/com/rpgos/app/Phase30To36PostAuditHardeningTest.kt:231:13 Type argument for reified type parameter 'T' was inferred to the intersection of ['Comparable<*>?' & 'Serializable?']. Reification of an intersection type results in the common supertype being used. This may lead to subtle issues and an explicit type argument is encouraged. This will become an error in a future release. See https://youtrack.jetbrains.com/issue/KT-71420.
w: file:///home/runner/work/rpg-os-android/rpg-os-android/app/src/test/java/com/rpgos/app/Phase32ContextReadPathMutationFreeTest.kt:80:26 Java type mismatch: inferred type is 'String?', but 'String' was expected.
w: file:///home/runner/work/rpg-os-android/rpg-os-android/app/src/test/java/com/rpgos/app/Phase32PlayerStatePhase9ReadCompatibilityTest.kt:53:38 'fun ensureReady(db: SQLiteDatabase, campaignUid: String): Unit' is deprecated. Use initialize() only at explicit administrative setup boundaries; reads must use requireReady().
w: file:///home/runner/work/rpg-os-android/rpg-os-android/app/src/test/java/com/rpgos/app/Phase32ProductionReadyTestFixture.kt:8:34 'fun ensureReady(db: SQLiteDatabase, campaignUid: String): Unit' is deprecated. Use initialize() only at explicit administrative setup boundaries; reads must use requireReady().
w: file:///home/runner/work/rpg-os-android/rpg-os-android/app/src/test/java/com/rpgos/app/Phase32ProjectionAdversarialTest.kt:10:25 The corresponding parameter in the supertype 'CharacterPanelV2ReadSource' is named 'campaignUid'. This may cause problems when calling this function with named arguments.
w: file:///home/runner/work/rpg-os-android/rpg-os-android/app/src/test/java/com/rpgos/app/Phase32ProjectionAdversarialTest.kt:10:34 The corresponding parameter in the supertype 'CharacterPanelV2ReadSource' is named 'characterUid'. This may cause problems when calling this function with named arguments.
w: file:///home/runner/work/rpg-os-android/rpg-os-android/app/src/test/java/com/rpgos/app/Phase32ProjectionAdversarialTest.kt:11:22 The corresponding parameter in the supertype 'CharacterPanelV2ReadSource' is named 'campaignUid'. This may cause problems when calling this function with named arguments.
w: file:///home/runner/work/rpg-os-android/rpg-os-android/app/src/test/java/com/rpgos/app/Phase32ProjectionAdversarialTest.kt:11:31 The corresponding parameter in the supertype 'CharacterPanelV2ReadSource' is named 'characterUid'. This may cause problems when calling this function with named arguments.
w: file:///home/runner/work/rpg-os-android/rpg-os-android/app/src/test/java/com/rpgos/app/Phase32ProjectionAdversarialTest.kt:12:26 The corresponding parameter in the supertype 'CharacterPanelV2ReadSource' is named 'campaignUid'. This may cause problems when calling this function with named arguments.
w: file:///home/runner/work/rpg-os-android/rpg-os-android/app/src/test/java/com/rpgos/app/Phase32ProjectionAdversarialTest.kt:12:35 The corresponding parameter in the supertype 'CharacterPanelV2ReadSource' is named 'characterUid'. This may cause problems when calling this function with named arguments.
w: file:///home/runner/work/rpg-os-android/rpg-os-android/app/src/test/java/com/rpgos/app/Phase32ProjectionAdversarialTest.kt:13:23 The corresponding parameter in the supertype 'CharacterPanelV2ReadSource' is named 'campaignUid'. This may cause problems when calling this function with named arguments.
w: file:///home/runner/work/rpg-os-android/rpg-os-android/app/src/test/java/com/rpgos/app/Phase32ProjectionAdversarialTest.kt:13:32 The corresponding parameter in the supertype 'CharacterPanelV2ReadSource' is named 'characterUid'. This may cause problems when calling this function with named arguments.
w: file:///home/runner/work/rpg-os-android/rpg-os-android/app/src/test/java/com/rpgos/app/Phase32ProjectionAdversarialTest.kt:14:27 The corresponding parameter in the supertype 'CharacterPanelV2ReadSource' is named 'campaignUid'. This may cause problems when calling this function with named arguments.
w: file:///home/runner/work/rpg-os-android/rpg-os-android/app/src/test/java/com/rpgos/app/Phase32ProjectionAdversarialTest.kt:14:36 The corresponding parameter in the supertype 'CharacterPanelV2ReadSource' is named 'characterUid'. This may cause problems when calling this function with named arguments.
w: file:///home/runner/work/rpg-os-android/rpg-os-android/app/src/test/java/com/rpgos/app/Phase32ProjectionAdversarialTest.kt:15:23 The corresponding parameter in the supertype 'CharacterPanelV2ReadSource' is named 'campaignUid'. This may cause problems when calling this function with named arguments.
w: file:///home/runner/work/rpg-os-android/rpg-os-android/app/src/test/java/com/rpgos/app/Phase32ProjectionAdversarialTest.kt:15:32 The corresponding parameter in the supertype 'CharacterPanelV2ReadSource' is named 'characterUid'. This may cause problems when calling this function with named arguments.
w: file:///home/runner/work/rpg-os-android/rpg-os-android/app/src/test/java/com/rpgos/app/Phase32ProjectionAdversarialTest.kt:16:26 The corresponding parameter in the supertype 'CharacterPanelV2ReadSource' is named 'campaignUid'. This may cause problems when calling this function with named arguments.
w: file:///home/runner/work/rpg-os-android/rpg-os-android/app/src/test/java/com/rpgos/app/Phase32ProjectionAdversarialTest.kt:16:35 The corresponding parameter in the supertype 'CharacterPanelV2ReadSource' is named 'characterUid'. This may cause problems when calling this function with named arguments.
w: file:///home/runner/work/rpg-os-android/rpg-os-android/app/src/test/java/com/rpgos/app/Phase32ProjectionAdversarialTest.kt:17:35 The corresponding parameter in the supertype 'CharacterPanelV2ReadSource' is named 'campaignUid'. This may cause problems when calling this function with named arguments.
w: file:///home/runner/work/rpg-os-android/rpg-os-android/app/src/test/java/com/rpgos/app/Phase32ProjectionAdversarialTest.kt:17:44 The corresponding parameter in the supertype 'CharacterPanelV2ReadSource' is named 'characterUid'. This may cause problems when calling this function with named arguments.
w: file:///home/runner/work/rpg-os-android/rpg-os-android/app/src/test/java/com/rpgos/app/Phase32ProjectionAdversarialTest.kt:18:26 The corresponding parameter in the supertype 'CharacterPanelV2ReadSource' is named 'campaignUid'. This may cause problems when calling this function with named arguments.
w: file:///home/runner/work/rpg-os-android/rpg-os-android/app/src/test/java/com/rpgos/app/Phase32ProjectionAdversarialTest.kt:18:35 The corresponding parameter in the supertype 'CharacterPanelV2ReadSource' is named 'characterUid'. This may cause problems when calling this function with named arguments.
w: file:///home/runner/work/rpg-os-android/rpg-os-android/app/src/test/java/com/rpgos/app/Phase32ProjectionAdversarialTest.kt:19:26 The corresponding parameter in the supertype 'CharacterPanelV2ReadSource' is named 'campaignUid'. This may cause problems when calling this function with named arguments.
w: file:///home/runner/work/rpg-os-android/rpg-os-android/app/src/test/java/com/rpgos/app/Phase32ProjectionAdversarialTest.kt:19:35 The corresponding parameter in the supertype 'CharacterPanelV2ReadSource' is named 'characterUid'. This may cause problems when calling this function with named arguments.
w: file:///home/runner/work/rpg-os-android/rpg-os-android/app/src/test/java/com/rpgos/app/Phase32ProjectionAdversarialTest.kt:20:35 The corresponding parameter in the supertype 'CharacterPanelV2ReadSource' is named 'campaignUid'. This may cause problems when calling this function with named arguments.
w: file:///home/runner/work/rpg-os-android/rpg-os-android/app/src/test/java/com/rpgos/app/Phase32ProjectionAdversarialTest.kt:20:44 The corresponding parameter in the supertype 'CharacterPanelV2ReadSource' is named 'characterUid'. This may cause problems when calling this function with named arguments.
w: file:///home/runner/work/rpg-os-android/rpg-os-android/app/src/test/java/com/rpgos/app/Phase32ProjectionAdversarialTest.kt:21:24 The corresponding parameter in the supertype 'CharacterPanelV2ReadSource' is named 'campaignUid'. This may cause problems when calling this function with named arguments.
w: file:///home/runner/work/rpg-os-android/rpg-os-android/app/src/test/java/com/rpgos/app/Phase32ProjectionAdversarialTest.kt:21:33 The corresponding parameter in the supertype 'CharacterPanelV2ReadSource' is named 'characterUid'. This may cause problems when calling this function with named arguments.
w: file:///home/runner/work/rpg-os-android/rpg-os-android/app/src/test/java/com/rpgos/app/Phase32ProjectionAdversarialTest.kt:22:28 The corresponding parameter in the supertype 'CharacterPanelV2ReadSource' is named 'campaignUid'. This may cause problems when calling this function with named arguments.
w: file:///home/runner/work/rpg-os-android/rpg-os-android/app/src/test/java/com/rpgos/app/Phase32ProjectionAdversarialTest.kt:22:37 The corresponding parameter in the supertype 'CharacterPanelV2ReadSource' is named 'characterUid'. This may cause problems when calling this function with named arguments.
w: file:///home/runner/work/rpg-os-android/rpg-os-android/app/src/test/java/com/rpgos/app/Phase32ProjectionAdversarialTest.kt:23:25 The corresponding parameter in the supertype 'CharacterPanelV2ReadSource' is named 'campaignUid'. This may cause problems when calling this function with named arguments.
w: file:///home/runner/work/rpg-os-android/rpg-os-android/app/src/test/java/com/rpgos/app/Phase32ProjectionAdversarialTest.kt:23:34 The corresponding parameter in the supertype 'CharacterPanelV2ReadSource' is named 'characterUid'. This may cause problems when calling this function with named arguments.
w: file:///home/runner/work/rpg-os-android/rpg-os-android/app/src/test/java/com/rpgos/app/Phase32ProjectionAdversarialTest.kt:24:30 The corresponding parameter in the supertype 'CharacterPanelV2ReadSource' is named 'campaignUid'. This may cause problems when calling this function with named arguments.
w: file:///home/runner/work/rpg-os-android/rpg-os-android/app/src/test/java/com/rpgos/app/Phase32ProjectionAdversarialTest.kt:24:39 The corresponding parameter in the supertype 'CharacterPanelV2ReadSource' is named 'characterUid'. This may cause problems when calling this function with named arguments.
w: file:///home/runner/work/rpg-os-android/rpg-os-android/app/src/test/java/com/rpgos/app/Phase32ProjectionAdversarialTest.kt:25:22 The corresponding parameter in the supertype 'CharacterPanelV2ReadSource' is named 'campaignUid'. This may cause problems when calling this function with named arguments.
w: file:///home/runner/work/rpg-os-android/rpg-os-android/app/src/test/java/com/rpgos/app/Phase32ProjectionAdversarialTest.kt:25:31 The corresponding parameter in the supertype 'CharacterPanelV2ReadSource' is named 'characterUid'. This may cause problems when calling this function with named arguments.
w: file:///home/runner/work/rpg-os-android/rpg-os-android/app/src/test/java/com/rpgos/app/Phase32ProjectionAdversarialTest.kt:26:27 The corresponding parameter in the supertype 'PlayerSnapshotReadSource' is named 'campaignUid'. This may cause problems when calling this function with named arguments.
w: file:///home/runner/work/rpg-os-android/rpg-os-android/app/src/test/java/com/rpgos/app/Phase32ProjectionAdversarialTest.kt:26:36 The corresponding parameter in the supertype 'PlayerSnapshotReadSource' is named 'characterUid'. This may cause problems when calling this function with named arguments.
w: file:///home/runner/work/rpg-os-android/rpg-os-android/app/src/test/java/com/rpgos/app/Phase32RepositoryWideWriterSourceInventoryTest.kt:191:26 Java type mismatch: inferred type is 'String?', but 'String' was expected.
w: file:///home/runner/work/rpg-os-android/rpg-os-android/app/src/test/java/com/rpgos/app/Phase32RestoreAuthorityTest.kt:37:38 'fun ensureReady(db: SQLiteDatabase, campaignUid: String): Unit' is deprecated. Use initialize() only at explicit administrative setup boundaries; reads must use requireReady().
w: file:///home/runner/work/rpg-os-android/rpg-os-android/app/src/test/java/com/rpgos/app/Phase32RestoreAuthorityTest.kt:116:38 'fun ensureReady(db: SQLiteDatabase, campaignUid: String): Unit' is deprecated. Use initialize() only at explicit administrative setup boundaries; reads must use requireReady().
w: file:///home/runner/work/rpg-os-android/rpg-os-android/app/src/test/java/com/rpgos/app/Phase32TruthLayerEnforcementTest.kt:29:35 The corresponding parameter in the supertype 'CharacterPanelV2ReadSource' is named 'campaignUid'. This may cause problems when calling this function with named arguments.
w: file:///home/runner/work/rpg-os-android/rpg-os-android/app/src/test/java/com/rpgos/app/Phase32TruthLayerEnforcementTest.kt:29:44 The corresponding parameter in the supertype 'CharacterPanelV2ReadSource' is named 'characterUid'. This may cause problems when calling this function with named arguments.
w: file:///home/runner/work/rpg-os-android/rpg-os-android/app/src/test/java/com/rpgos/app/Phase32TruthLayerEnforcementTest.kt:29:111 The corresponding parameter in the supertype 'CharacterPanelV2ReadSource' is named 'campaignUid'. This may cause problems when calling this function with named arguments.
w: file:///home/runner/work/rpg-os-android/rpg-os-android/app/src/test/java/com/rpgos/app/Phase32TruthLayerEnforcementTest.kt:29:120 The corresponding parameter in the supertype 'CharacterPanelV2ReadSource' is named 'characterUid'. This may cause problems when calling this function with named arguments.
w: file:///home/runner/work/rpg-os-android/rpg-os-android/app/src/test/java/com/rpgos/app/Phase32TruthLayerEnforcementTest.kt:29:193 The corresponding parameter in the supertype 'CharacterPanelV2ReadSource' is named 'campaignUid'. This may cause problems when calling this function with named arguments.
w: file:///home/runner/work/rpg-os-android/rpg-os-android/app/src/test/java/com/rpgos/app/Phase32TruthLayerEnforcementTest.kt:29:202 The corresponding parameter in the supertype 'CharacterPanelV2ReadSource' is named 'characterUid'. This may cause problems when calling this function with named arguments.
w: file:///home/runner/work/rpg-os-android/rpg-os-android/app/src/test/java/com/rpgos/app/Phase32TruthLayerEnforcementTest.kt:29:272 The corresponding parameter in the supertype 'CharacterPanelV2ReadSource' is named 'campaignUid'. This may cause problems when calling this function with named arguments.
w: file:///home/runner/work/rpg-os-android/rpg-os-android/app/src/test/java/com/rpgos/app/Phase32TruthLayerEnforcementTest.kt:29:281 The corresponding parameter in the supertype 'CharacterPanelV2ReadSource' is named 'characterUid'. This may cause problems when calling this function with named arguments.
w: file:///home/runner/work/rpg-os-android/rpg-os-android/app/src/test/java/com/rpgos/app/Phase32TruthLayerEnforcementTest.kt:29:352 The corresponding parameter in the supertype 'CharacterPanelV2ReadSource' is named 'campaignUid'. This may cause problems when calling this function with named arguments.
w: file:///home/runner/work/rpg-os-android/rpg-os-android/app/src/test/java/com/rpgos/app/Phase32TruthLayerEnforcementTest.kt:29:361 The corresponding parameter in the supertype 'CharacterPanelV2ReadSource' is named 'characterUid'. This may cause problems when calling this function with named arguments.
w: file:///home/runner/work/rpg-os-android/rpg-os-android/app/src/test/java/com/rpgos/app/Phase32TruthLayerEnforcementTest.kt:29:428 The corresponding parameter in the supertype 'CharacterPanelV2ReadSource' is named 'campaignUid'. This may cause problems when calling this function with named arguments.
w: file:///home/runner/work/rpg-os-android/rpg-os-android/app/src/test/java/com/rpgos/app/Phase32TruthLayerEnforcementTest.kt:29:437 The corresponding parameter in the supertype 'CharacterPanelV2ReadSource' is named 'characterUid'. This may cause problems when calling this function with named arguments.
w: file:///home/runner/work/rpg-os-android/rpg-os-android/app/src/test/java/com/rpgos/app/Phase32TruthLayerEnforcementTest.kt:29:512 The corresponding parameter in the supertype 'CharacterPanelV2ReadSource' is named 'campaignUid'. This may cause problems when calling this function with named arguments.
w: file:///home/runner/work/rpg-os-android/rpg-os-android/app/src/test/java/com/rpgos/app/Phase32TruthLayerEnforcementTest.kt:29:521 The corresponding parameter in the supertype 'CharacterPanelV2ReadSource' is named 'characterUid'. This may cause problems when calling this function with named arguments.
w: file:///home/runner/work/rpg-os-android/rpg-os-android/app/src/test/java/com/rpgos/app/Phase32TruthLayerEnforcementTest.kt:29:605 The corresponding parameter in the supertype 'CharacterPanelV2ReadSource' is named 'campaignUid'. This may cause problems when calling this function with named arguments.
w: file:///home/runner/work/rpg-os-android/rpg-os-android/app/src/test/java/com/rpgos/app/Phase32TruthLayerEnforcementTest.kt:29:614 The corresponding parameter in the supertype 'CharacterPanelV2ReadSource' is named 'characterUid'. This may cause problems when calling this function with named arguments.
w: file:///home/runner/work/rpg-os-android/rpg-os-android/app/src/test/java/com/rpgos/app/Phase32TruthLayerEnforcementTest.kt:29:683 The corresponding parameter in the supertype 'CharacterPanelV2ReadSource' is named 'campaignUid'. This may cause problems when calling this function with named arguments.
w: file:///home/runner/work/rpg-os-android/rpg-os-android/app/src/test/java/com/rpgos/app/Phase32TruthLayerEnforcementTest.kt:29:692 The corresponding parameter in the supertype 'CharacterPanelV2ReadSource' is named 'characterUid'. This may cause problems when calling this function with named arguments.
w: file:///home/runner/work/rpg-os-android/rpg-os-android/app/src/test/java/com/rpgos/app/Phase32TruthLayerEnforcementTest.kt:29:764 The corresponding parameter in the supertype 'CharacterPanelV2ReadSource' is named 'campaignUid'. This may cause problems when calling this function with named arguments.
w: file:///home/runner/work/rpg-os-android/rpg-os-android/app/src/test/java/com/rpgos/app/Phase32TruthLayerEnforcementTest.kt:29:773 The corresponding parameter in the supertype 'CharacterPanelV2ReadSource' is named 'characterUid'. This may cause problems when calling this function with named arguments.
w: file:///home/runner/work/rpg-os-android/rpg-os-android/app/src/test/java/com/rpgos/app/Phase32TruthLayerEnforcementTest.kt:29:854 The corresponding parameter in the supertype 'CharacterPanelV2ReadSource' is named 'campaignUid'. This may cause problems when calling this function with named arguments.
w: file:///home/runner/work/rpg-os-android/rpg-os-android/app/src/test/java/com/rpgos/app/Phase32TruthLayerEnforcementTest.kt:29:863 The corresponding parameter in the supertype 'CharacterPanelV2ReadSource' is named 'characterUid'. This may cause problems when calling this function with named arguments.
w: file:///home/runner/work/rpg-os-android/rpg-os-android/app/src/test/java/com/rpgos/app/Phase32TruthLayerEnforcementTest.kt:29:933 The corresponding parameter in the supertype 'CharacterPanelV2ReadSource' is named 'campaignUid'. This may cause problems when calling this function with named arguments.
w: file:///home/runner/work/rpg-os-android/rpg-os-android/app/src/test/java/com/rpgos/app/Phase32TruthLayerEnforcementTest.kt:29:942 The corresponding parameter in the supertype 'CharacterPanelV2ReadSource' is named 'characterUid'. This may cause problems when calling this function with named arguments.
w: file:///home/runner/work/rpg-os-android/rpg-os-android/app/src/test/java/com/rpgos/app/Phase32TruthLayerEnforcementTest.kt:29:1014 The corresponding parameter in the supertype 'CharacterPanelV2ReadSource' is named 'campaignUid'. This may cause problems when calling this function with named arguments.
w: file:///home/runner/work/rpg-os-android/rpg-os-android/app/src/test/java/com/rpgos/app/Phase32TruthLayerEnforcementTest.kt:29:1023 The corresponding parameter in the supertype 'CharacterPanelV2ReadSource' is named 'characterUid'. This may cause problems when calling this function with named arguments.
w: file:///home/runner/work/rpg-os-android/rpg-os-android/app/src/test/java/com/rpgos/app/Phase32TruthLayerEnforcementTest.kt:29:1096 The corresponding parameter in the supertype 'CharacterPanelV2ReadSource' is named 'campaignUid'. This may cause problems when calling this function with named arguments.
w: file:///home/runner/work/rpg-os-android/rpg-os-android/app/src/test/java/com/rpgos/app/Phase32TruthLayerEnforcementTest.kt:29:1105 The corresponding parameter in the supertype 'CharacterPanelV2ReadSource' is named 'characterUid'. This may cause problems when calling this function with named arguments.
w: file:///home/runner/work/rpg-os-android/rpg-os-android/app/src/test/java/com/rpgos/app/Phase32TruthLayerEnforcementTest.kt:29:1179 The corresponding parameter in the supertype 'CharacterPanelV2ReadSource' is named 'campaignUid'. This may cause problems when calling this function with named arguments.
w: file:///home/runner/work/rpg-os-android/rpg-os-android/app/src/test/java/com/rpgos/app/Phase32TruthLayerEnforcementTest.kt:29:1188 The corresponding parameter in the supertype 'CharacterPanelV2ReadSource' is named 'characterUid'. This may cause problems when calling this function with named arguments.
w: file:///home/runner/work/rpg-os-android/rpg-os-android/app/src/test/java/com/rpgos/app/Phase32TruthLayerEnforcementTest.kt:29:1259 The corresponding parameter in the supertype 'CharacterPanelV2ReadSource' is named 'campaignUid'. This may cause problems when calling this function with named arguments.
w: file:///home/runner/work/rpg-os-android/rpg-os-android/app/src/test/java/com/rpgos/app/Phase32TruthLayerEnforcementTest.kt:29:1268 The corresponding parameter in the supertype 'CharacterPanelV2ReadSource' is named 'characterUid'. This may cause problems when calling this function with named arguments.
w: file:///home/runner/work/rpg-os-android/rpg-os-android/app/src/test/java/com/rpgos/app/Phase35PostAuditRepairTest.kt:284:13 Type argument for reified type parameter 'T' was inferred to the intersection of ['Comparable<*>?' & 'Serializable?']. Reification of an intersection type results in the common supertype being used. This may lead to subtle issues and an explicit type argument is encouraged. This will become an error in a future release. See https://youtrack.jetbrains.com/issue/KT-71420.
w: file:///home/runner/work/rpg-os-android/rpg-os-android/app/src/test/java/com/rpgos/app/Phase35RawSqlAuthorityClosureTest.kt:161:13 Type argument for reified type parameter 'T' was inferred to the intersection of ['Comparable<*>' & 'Serializable']. Reification of an intersection type results in the common supertype being used. This may lead to subtle issues and an explicit type argument is encouraged. This will become an error in a future release. See https://youtrack.jetbrains.com/issue/KT-71420.
w: file:///home/runner/work/rpg-os-android/rpg-os-android/app/src/test/java/com/rpgos/app/Phase35RawSqlAuthorityClosureTest.kt:185:13 Type argument for reified type parameter 'T' was inferred to the intersection of ['Comparable<*>?' & 'Serializable?']. Reification of an intersection type results in the common supertype being used. This may lead to subtle issues and an explicit type argument is encouraged. This will become an error in a future release. See https://youtrack.jetbrains.com/issue/KT-71420.
w: file:///home/runner/work/rpg-os-android/rpg-os-android/app/src/test/java/com/rpgos/app/Phase35RawSqlAuthorityClosureTest.kt:209:13 Type argument for reified type parameter 'T' was inferred to the intersection of ['Comparable<*>?' & 'Serializable?']. Reification of an intersection type results in the common supertype being used. This may lead to subtle issues and an explicit type argument is encouraged. This will become an error in a future release. See https://youtrack.jetbrains.com/issue/KT-71420.
w: file:///home/runner/work/rpg-os-android/rpg-os-android/app/src/test/java/com/rpgos/app/Phase36PostAuditEdgeCaseTest.kt:34:21 Type argument for reified type parameter 'T' was inferred to the intersection of ['Comparable<*>' & 'Serializable']. Reification of an intersection type results in the common supertype being used. This may lead to subtle issues and an explicit type argument is encouraged. This will become an error in a future release. See https://youtrack.jetbrains.com/issue/KT-71420.
w: file:///home/runner/work/rpg-os-android/rpg-os-android/app/src/test/java/com/rpgos/app/Phase36SchemaVersioningTest.kt:53:21 Type argument for reified type parameter 'T' was inferred to the intersection of ['Comparable<*>' & 'Serializable']. Reification of an intersection type results in the common supertype being used. This may lead to subtle issues and an explicit type argument is encouraged. This will become an error in a future release. See https://youtrack.jetbrains.com/issue/KT-71420.
w: file:///home/runner/work/rpg-os-android/rpg-os-android/app/src/test/java/com/rpgos/app/Phase36SchemaVersioningTest.kt:60:21 Type argument for reified type parameter 'T' was inferred to the intersection of ['Comparable<*>' & 'Serializable']. Reification of an intersection type results in the common supertype being used. This may lead to subtle issues and an explicit type argument is encouraged. This will become an error in a future release. See https://youtrack.jetbrains.com/issue/KT-71420.
w: file:///home/runner/work/rpg-os-android/rpg-os-android/app/src/test/java/com/rpgos/app/Phase36SchemaVersioningTest.kt:349:13 Type argument for reified type parameter 'T' was inferred to the intersection of ['Comparable<*>?' & 'Serializable?']. Reification of an intersection type results in the common supertype being used. This may lead to subtle issues and an explicit type argument is encouraged. This will become an error in a future release. See https://youtrack.jetbrains.com/issue/KT-71420.
w: file:///home/runner/work/rpg-os-android/rpg-os-android/app/src/test/java/com/rpgos/app/Phase37WorldActorKnowledgeTest.kt:482:26 Java type mismatch: inferred type is 'String?', but 'String' was expected.
w: file:///home/runner/work/rpg-os-android/rpg-os-android/app/src/test/java/com/rpgos/app/PlayerChangeSetProjectZeroProgressSemanticFixTest.kt:36:57 This 'copy()' exposes the non-public primary constructor of a 'data class'. See the appropriate 'data class' documentation or contact the 'data class' author for migration guidance. This will become an error in language version 2.5. See https://youtrack.jetbrains.com/issue/KT-11914.
w: file:///home/runner/work/rpg-os-android/rpg-os-android/app/src/test/java/com/rpgos/app/PlayerChangeSetProjectZeroProgressSemanticFixTest.kt:130:37 This 'copy()' exposes the non-public primary constructor of a 'data class'. See the appropriate 'data class' documentation or contact the 'data class' author for migration guidance. This will become an error in language version 2.5. See https://youtrack.jetbrains.com/issue/KT-11914.
w: file:///home/runner/work/rpg-os-android/rpg-os-android/app/src/test/java/com/rpgos/app/PlayerChangeSetProjectZeroProgressSemanticFixTest.kt:136:37 This 'copy()' exposes the non-public primary constructor of a 'data class'. See the appropriate 'data class' documentation or contact the 'data class' author for migration guidance. This will become an error in language version 2.5. See https://youtrack.jetbrains.com/issue/KT-11914.
w: file:///home/runner/work/rpg-os-android/rpg-os-android/app/src/test/java/com/rpgos/app/PlayerChangeSetProjectZeroProgressSemanticFixTest.kt:137:37 This 'copy()' exposes the non-public primary constructor of a 'data class'. See the appropriate 'data class' documentation or contact the 'data class' author for migration guidance. This will become an error in language version 2.5. See https://youtrack.jetbrains.com/issue/KT-11914.
w: file:///home/runner/work/rpg-os-android/rpg-os-android/app/src/test/java/com/rpgos/app/PlayerChangeSetProjectZeroProgressSemanticFixTest.kt:138:33 This 'copy()' exposes the non-public primary constructor of a 'data class'. See the appropriate 'data class' documentation or contact the 'data class' author for migration guidance. This will become an error in language version 2.5. See https://youtrack.jetbrains.com/issue/KT-11914.
w: file:///home/runner/work/rpg-os-android/rpg-os-android/app/src/test/java/com/rpgos/app/PlayerChangeSetValueInvariantHardeningTest.kt:33:37 This 'copy()' exposes the non-public primary constructor of a 'data class'. See the appropriate 'data class' documentation or contact the 'data class' author for migration guidance. This will become an error in language version 2.5. See https://youtrack.jetbrains.com/issue/KT-11914.
w: file:///home/runner/work/rpg-os-android/rpg-os-android/app/src/test/java/com/rpgos/app/PlayerChangeSetValueInvariantHardeningTest.kt:68:45 This 'copy()' exposes the non-public primary constructor of a 'data class'. See the appropriate 'data class' documentation or contact the 'data class' author for migration guidance. This will become an error in language version 2.5. See https://youtrack.jetbrains.com/issue/KT-11914.
w: file:///home/runner/work/rpg-os-android/rpg-os-android/app/src/test/java/com/rpgos/app/PlayerChangeSetValueInvariantHardeningTest.kt:186:37 This 'copy()' exposes the non-public primary constructor of a 'data class'. See the appropriate 'data class' documentation or contact the 'data class' author for migration guidance. This will become an error in language version 2.5. See https://youtrack.jetbrains.com/issue/KT-11914.
w: file:///home/runner/work/rpg-os-android/rpg-os-android/app/src/test/java/com/rpgos/app/PlayerChangeSetValueInvariantHardeningTest.kt:187:37 This 'copy()' exposes the non-public primary constructor of a 'data class'. See the appropriate 'data class' documentation or contact the 'data class' author for migration guidance. This will become an error in language version 2.5. See https://youtrack.jetbrains.com/issue/KT-11914.
w: file:///home/runner/work/rpg-os-android/rpg-os-android/app/src/test/java/com/rpgos/app/PlayerChangeSetValueInvariantHardeningTest.kt:188:33 This 'copy()' exposes the non-public primary constructor of a 'data class'. See the appropriate 'data class' documentation or contact the 'data class' author for migration guidance. This will become an error in language version 2.5. See https://youtrack.jetbrains.com/issue/KT-11914.
w: file:///home/runner/work/rpg-os-android/rpg-os-android/app/src/test/java/com/rpgos/app/PlayerDomainEngineTest.kt:44:459 This 'copy()' exposes the non-public primary constructor of a 'data class'. See the appropriate 'data class' documentation or contact the 'data class' author for migration guidance. This will become an error in language version 2.5. See https://youtrack.jetbrains.com/issue/KT-11914.
w: file:///home/runner/work/rpg-os-android/rpg-os-android/app/src/test/java/com/rpgos/app/PlayerStatePersistenceTest.kt:121:59 Unchecked cast of 'Any?' to 'List<Map<String, Any?>>'.
w: file:///home/runner/work/rpg-os-android/rpg-os-android/app/src/test/java/com/rpgos/app/PlayerStatePersistenceTest.kt:181:13 Type argument for reified type parameter 'T' was inferred to the intersection of ['Comparable<*>' & 'Serializable']. Reification of an intersection type results in the common supertype being used. This may lead to subtle issues and an explicit type argument is encouraged. This will become an error in a future release. See https://youtrack.jetbrains.com/issue/KT-71420.
w: file:///home/runner/work/rpg-os-android/rpg-os-android/app/src/test/java/com/rpgos/app/PlayerStatePersistenceTest.kt:188:13 Type argument for reified type parameter 'T' was inferred to the intersection of ['Comparable<*>' & 'Serializable']. Reification of an intersection type results in the common supertype being used. This may lead to subtle issues and an explicit type argument is encouraged. This will become an error in a future release. See https://youtrack.jetbrains.com/issue/KT-71420.
w: file:///home/runner/work/rpg-os-android/rpg-os-android/app/src/test/java/com/rpgos/app/StatResourceReconciliationTest.kt:241:102 Type argument for reified type parameter 'T' was inferred to the intersection of ['Comparable<*>' & 'Serializable']. Reification of an intersection type results in the common supertype being used. This may lead to subtle issues and an explicit type argument is encouraged. This will become an error in a future release. See https://youtrack.jetbrains.com/issue/KT-71420.
w: file:///home/runner/work/rpg-os-android/rpg-os-android/app/src/test/java/com/rpgos/app/StatResourceReconciliationTest.kt:277:98 Type argument for reified type parameter 'T' was inferred to the intersection of ['Comparable<*>' & 'Serializable']. Reification of an intersection type results in the common supertype being used. This may lead to subtle issues and an explicit type argument is encouraged. This will become an error in a future release. See https://youtrack.jetbrains.com/issue/KT-71420.
w: file:///home/runner/work/rpg-os-android/rpg-os-android/app/src/test/java/com/rpgos/app/TechniqueContextBuilderTest.kt:24:16 'fun createTempDir(prefix: String = ..., suffix: String? = ..., directory: File? = ...): File' is deprecated. Avoid creating temporary directories in the default temp location with this function due to too wide permissions on the newly created directory. Use kotlin.io.path.createTempDirectory instead.
w: file:///home/runner/work/rpg-os-android/rpg-os-android/app/src/test/java/com/rpgos/app/TechniqueContextBuilderTest.kt:75:38 'fun ensureReady(db: SQLiteDatabase, campaignUid: String): Unit' is deprecated. Use initialize() only at explicit administrative setup boundaries; reads must use requireReady().

> Task :app:compileDebugUnitTestJavaWithJavac NO-SOURCE
> Task :app:processDebugUnitTestJavaRes
> Task :app:testDebugUnitTest
gradle/actions: Writing build results to /home/runner/work/_temp/.gradle-actions/build-results/targeted-1787226481066.json

BUILD SUCCESSFUL in 1m 43s
31 actionable tasks: 31 executed
Consider enabling configuration cache to speed up this build: https://docs.gradle.org/9.5.0/userguide/configuration_cache_enabling.html
